MEX {
	global:
		mexFunction;
		mexfilerequiredapiversion;
		emlrtMexFcnProperties;
		armvone;
		armvone_initialize;
		armvone_terminate;
		armvone_atexit;
		b_sprintf;
		emlrt_marshallIn;
		b_emlrt_marshallIn;
		g_emlrt_marshallIn;
		c_emxEnsureCapacity_robotics_ma;
		emxEnsureCapacity_ptrdiff_t;
		emxFree_ptrdiff_t;
		emxInit_ptrdiff_t;
		emxEnsureCapacity_boolean_T;
		emxFree_boolean_T;
		emxInit_boolean_T;
		emxEnsureCapacity_struct_T1;
		emxExpand_struct_T;
		emxInitStruct_struct_T;
		emxEnsureCapacity_struct_T2;
		emxExpand_struct_T1;
		emxInitStruct_struct_T1;
		emxEnsureCapacity_int32_T;
		emxEnsureCapacity_struct_T;
		emxFree_int32_T;
		emxFree_struct_T1;
		emxFree_struct_T2;
		emxInit_int32_T;
		emxInit_struct_T1;
		emxInit_struct_T2;
		emxEnsureCapacity_real_T;
		emxFree_struct_T;
		emxInit_struct_T;
		emxFreeStruct_inverseKinematics;
		c_emxFreeStruct_robotics_core_i;
		e_emxFreeStruct_robotics_manip_;
		emxFree_real_T;
		emxFreeStruct_rigidBodyTree;
		f_emxFreeStruct_robotics_manip_;
		d_emxFreeMatrix_robotics_manip_;
		emxInitStruct_inverseKinematics;
		c_emxInitStruct_robotics_core_i;
		d_emxInitStruct_robotics_manip_;
		emxInit_real_T;
		emxInitStruct_rigidBodyTree;
		e_emxInitStruct_robotics_manip_;
		d_emxInitMatrix_robotics_manip_;
		d_emxFreeStruct_robotics_manip_;
		c_emxFreeMatrix_robotics_manip_;
		c_emxFreeStruct_robotics_manip_;
		c_emxFree_robotics_manip_intern;
		c_emxInitStruct_robotics_manip_;
		c_emxInitMatrix_robotics_manip_;
		f_emxInitStruct_robotics_manip_;
		c_emxInit_robotics_manip_intern;
	local:
		*;
};
